V3 4
FL C:/Users/LeonBondeLarsen/Desktop/VHDL-CPU/memory_block.vhd 2012/05/31.08:33:09 O.87xd
EN work/memory_block 1338448165 \
      FL C:/Users/LeonBondeLarsen/Desktop/VHDL-CPU/memory_block.vhd \
      PB ieee/std_logic_1164 1325952872 PB ieee/STD_LOGIC_UNSIGNED 1325952875
AR work/memory_block/M1 1338448166 \
      FL C:/Users/LeonBondeLarsen/Desktop/VHDL-CPU/memory_block.vhd \
      EN work/memory_block 1338448165
FL E:/code/VHDL-CPU/VHDL-CPU/memory_block.vhd 2012/05/31.08:33:09 O.87xd
